// Jest Snapshot v1, https://goo.gl/fbAQLP

exports[`App component test 1`] = `
<div>
  <main>
    <div>
      <h1>
        loading...
      </h1>
    </div>
  </main>
</div>
`;
